{
  "errors": [],
  "values": [
    {
      "ES": 79
    },
    {
      "sourceEUI": 1.0287
    },
    {
      "siteEUI": 0.7001
    },
    {
      "totalSourceEnergy": 8486.8946
    },
    {
      "totalSiteEnergy": 5775.779
    },
    {
      "targetES": 75
    },
    {
      "targetSourceEUI": 1.0694
    },
    {
      "targetSiteEUI": 0.7278
    },
    {
      "targetSourceEnergy": 8822.2658
    },
    {
      "targetSiteEnergy": 6004.0168
    },
    {
      "percentBetterES": 95
    },
    {
      "percentBetterSourceEUI": 0.822
    },
    {
      "percentBetterSiteEUI": 0.5594
    },
    {
      "percentBetterSourceEnergy": 6781.1317
    },
    {
      "percentBetterSiteEnergy": 4614.9175
    },
    {
      "medianES": 50
    },
    {
      "medianSourceEUI": 1.2645
    },
    {
      "medianSiteEUI": 0.8606
    },
    {
      "medianSourceEnergy": 10432.5103
    },
    {
      "medianSiteEnergy": 7099.8731
    },
    {
      "sourceEnergy": [
        5166,
        3320.8946
      ]
    },
    {
      "siteEnergy": [
        700000,
        85000
      ]
    },
    {
      "poolEnergy": 0
    },
    {
      "parkingEnergy": 0
    },
    {
      "totalSourceEnergyNoPoolNoParking": 8486.8946
    },
    {
      "buildingSize": 8250
    },
    {
      "sourceSiteRatio": 0.6806
    },
    {
      "buildingClass": "class models.CanadaK12School"
    }
  ]
}