{
  "values": [
    {
      "propOutputList": [
        {
          "propType": "Office",
          "propSize": 200000,
          "propPercent": 72.73,
          "areaUnits": "sq.ft"
        },
        {
          "propType": "K-12 School",
          "propSize": 75000,
          "propPercent": 27.27,
          "areaUnits": "sq.ft"
        }
      ]
    },
    {
      "actualES": 65
    },
    {
      "targetES": 69
    },
    {
      "medianES": 50
    },
    {
      "percentBetterMedian": 0
    },
    {
      "percentBetterTarget": 20
    },
    {
      "percentBetterActual": 16.137871715549345
    },
    {
      "percentBetterActualtoGoal": 4.605330634289107
    },
    {
      "actualGoalBetter": 4.827660355563279
    },
    {
      "actualZEPI": 83.86212828445066
    },
    {
      "medianZEPI": 100
    },
    {
      "percentBetterZEPI": 80
    },
    {
      "siteEUI": 62.0389387841444
    },
    {
      "sourceEUI": 194.80226778221342
    },
    {
      "totalSiteEnergy": 17060708.16563971
    },
    {
      "siteEnergyList": [
        {
          "grid": 5000000
        }
      ]
    },
    {
      "totalSourceEnergy": 53570623.64010869
    },
    {
      "sourceEnergyList": [
        {
          "grid": 53570623.64010869
        }
      ]
    },
    {
      "medianSiteEUI": 73.9773006639129
    },
    {
      "medianSourceEUI": 232.28872408468655
    },
    {
      "medianSiteEnergy": 20343757.68257605
    },
    {
      "medianSourceEnergy": 63879399.1232888
    },
    {
      "percentBetterSiteEUI": 59.181840531130334
    },
    {
      "percentBetterSourceEUI": 185.83097926774926
    },
    {
      "percentBetterSiteEnergy": 16275006.146060841
    },
    {
      "percentBetterSourceEnergy": 51103519.29863104
    },
    {
      "directSiteEmissions": [
        {
          "grid": 0
        }
      ]
    },
    {
      "indirectSiteEmissions": [
        {
          "grid": 3427.666877558674
        }
      ]
    },
    {
      "totalEmissions": 3427.666877558674
    },
    {
      "medianEmissions": 4087.264356006355
    },
    {
      "percentBetterEmissions": 3269.811484805083
    },
    {
      "siteEnergyALL": 5000000
    }
  ],
  "errors": [
    {
      "onSiteRenewableTotal": "Could not read provided energy list"
    },
    {
      "offSitePurchasedTotal": "Could not read provided energy list"
    }
  ]
}