{
  "values": [
    {
      "propOutputList": [
        {
          "propType": "Adult Education",
          "propSize": 100000,
          "propPercent": 100,
          "areaUnits": "sq.ft"
        }
      ]
    },
    {
      "medianES": 50
    },
    {
      "percentBetterMedian": 0
    },
    {
      "percentBetterTarget": 20
    },
    {
      "medianZEPI": 100
    },
    {
      "percentBetterZEPI": 80
    },
    {
      "medianSiteEUI": 83.07482609513066
    },
    {
      "medianSourceEUI": 141.4
    },
    {
      "medianSiteEnergy": 8307482.609513066
    },
    {
      "medianSourceEnergy": 14140000
    },
    {
      "percentBetterSiteEUI": 66.45986087610453
    },
    {
      "percentBetterSourceEUI": 113.12
    },
    {
      "percentBetterSiteEnergy": 6645986.087610452
    },
    {
      "percentBetterSourceEnergy": 11312000
    }
  ],
  "errors": [
    {
      "actualES": "Could not compute EnergyStar Score - Generic Building: No Algorithm!"
    },
    {
      "targetES": "Could not compute EnergyStar Score - Generic Building: No Algorithm!"
    },
    {
      "percentBetterActual": "Could not read provided energy list"
    },
    {
      "percentBetterActualtoGoal": "Could not read provided energy list"
    },
    {
      "actualGoalBetter": "Could not read provided energy list"
    },
    {
      "actualZEPI": "Could not read provided energy list"
    },
    {
      "siteEUI": "Could not read provided energy list"
    },
    {
      "sourceEUI": "Could not read provided energy list"
    },
    {
      "totalSiteEnergy": "Could not read provided energy list"
    },
    {
      "siteEnergyList": "Could not read provided energy list"
    },
    {
      "totalSourceEnergy": "Could not read provided energy list"
    },
    {
      "sourceEnergyList": "Could not read provided energy list"
    },
    {
      "directSiteEmissions": "Could not read provided energy list"
    },
    {
      "indirectSiteEmissions": "Could not read provided energy list"
    },
    {
      "totalEmissions": "Could not read provided energy list"
    },
    {
      "medianEmissions": "Could not read provided energy list"
    },
    {
      "percentBetterEmissions": "Could not read provided energy list"
    },
    {
      "onSiteRenewableTotal": "Could not read provided energy list"
    },
    {
      "offSitePurchasedTotal": "Could not read provided energy list"
    },
    {
      "siteEnergyALL": "Could not read provided energy list"
    }
  ]
}