{
  "errors": [
    {
      "ES": "Lookup EUI could not be computed - Generic Building: No Algorithm!"
    },
    {
      "targetSourceEUI": "Lookup EUI could not be computed - Generic Building: No Algorithm!"
    },
    {
      "targetSiteEUI": "Lookup EUI could not be computed - Generic Building: No Algorithm!"
    },
    {
      "targetSourceEnergy": "Lookup EUI could not be computed - Generic Building: No Algorithm!"
    },
    {
      "targetSiteEnergy": "Lookup EUI could not be computed - Generic Building: No Algorithm!"
    },
    {
      "percentBetterES": "Lookup EUI could not be computed - Generic Building: No Algorithm!"
    }
  ],
  "values": [
    {
      "sourceEUI": 189.5973
    },
    {
      "siteEUI": 61.7126
    },
    {
      "totalSourceEnergy": 37919453.9824
    },
    {
      "totalSiteEnergy": 12342512.3201
    },
    {
      "targetES": 75
    },
    {
      "percentBetterSourceEUI": 49.49
    },
    {
      "percentBetterSiteEUI": 16.1086
    },
    {
      "percentBetterSourceEnergy": 9898000
    },
    {
      "percentBetterSiteEnergy": 3221728.5355
    },
    {
      "medianES": 50
    },
    {
      "medianSourceEUI": 141.4
    },
    {
      "medianSiteEUI": 46.0247
    },
    {
      "medianSourceEnergy": 28280000
    },
    {
      "medianSiteEnergy": 9204938.6727
    },
    {
      "sourceEnergy": [
        37499436.5481,
        420017.4343
      ]
    },
    {
      "siteEnergy": [
        3500000,
        4000
      ]
    },
    {
      "poolEnergy": 0
    },
    {
      "parkingEnergy": 0
    },
    {
      "totalSourceEnergyNoPoolNoParking": 37919453.9824
    },
    {
      "buildingSize": 200000
    },
    {
      "sourceSiteRatio": 0.3255
    },
    {
      "buildingClass": "class models.GenericBuilding"
    },
    {
      "directSiteEmissions": [
        {
          "grid": 0
        },
        {
          "naturalGas": 21.24488184479389
        }
      ]
    },
    {
      "indirectSiteEmissions": [
        {
          "grid": 990.3911697235508
        },
        {
          "naturalGas": 0
        }
      ]
    },
    {
      "totalSiteEmissions": 1011.6361
    }
  ]
}